#
# There is insufficient memory for the Java Runtime Environment to continue.
# Native memory allocation (malloc) failed to allocate 508376 bytes. Error detail: Chunk::new
# Possible reasons:
#   The system is out of physical RAM or swap space
#   This process is running with CompressedOops enabled, and the Java Heap may be blocking the growth of the native heap
# Possible solutions:
#   Reduce memory load on the system
#   Increase physical memory or swap space
#   Check if swap backing store is full
#   Decrease Java heap size (-Xmx/-Xms)
#   Decrease number of Java threads
#   Decrease Java thread stack sizes (-Xss)
#   Set larger code cache with -XX:ReservedCodeCacheSize=
#   JVM is running with Zero Based Compressed Oops mode in which the Java heap is
#     placed in the first 32GB address space. The Java Heap base address is the
#     maximum limit for the native heap growth. Please use -XX:HeapBaseMinAddress
#     to set the Java Heap base and to place the Java Heap above 32GB virtual address.
# This output file may be truncated or incomplete.
#
#  Out of Memory Error (arena.cpp:186), pid=23040, tid=35080
#
# JRE version: OpenJDK Runtime Environment JBR-25.0.3+9-508.16-nomod (25.0.3+9) (build 25.0.3+9-b508.16)
# Java VM: OpenJDK 64-Bit Server VM JBR-25.0.3+9-508.16-nomod (25.0.3+9-b508.16, mixed mode, tiered, compressed oops, compressed class ptrs, g1 gc, windows-amd64)
# No core dump will be written. Minidumps are not enabled by default on client versions of Windows
#

---------------  S U M M A R Y ------------

Command Line: git4idea.http.GitAskPassApp Username for 'https://github.com': 

Host: Intel(R) Core(TM) i5-7300U CPU @ 2.60GHz, 4 cores, 15G,  Windows 11 , 64 bit Build 22621 (10.0.22621.5415)
Time: Sat Sep 19 17:27:04 2026 W. Central Africa Standard Time elapsed time: 0.278652 seconds (0d 0h 0m 0s)

---------------  T H R E A D  ---------------

Current thread (0x0000023524402ea0):  JavaThread "C2 CompilerThread0" daemon [_thread_in_native, id=35080, stack(0x0000004e76e00000,0x0000004e76f00000) (1024K)]


Current CompileTask:
C2:278  126       4       java.lang.StringLatin1::indexOfChar (33 bytes)

Stack: [0x0000004e76e00000,0x0000004e76f00000]
Native frames: (J=compiled Java code, j=interpreted, Vv=VM code, C=native code)
V  [jvm.dll+0x7c2949]  (no source info available)
V  [jvm.dll+0x78c01d]  (no source info available)
V  [jvm.dll+0xa105b3]  (no source info available)
V  [jvm.dll+0xa12dac]  (no source info available)
V  [jvm.dll+0xa134a3]  (no source info available)
V  [jvm.dll+0x308106]  (no source info available)
V  [jvm.dll+0x1149e6]  (no source info available)
V  [jvm.dll+0x114d16]  (no source info available)
V  [jvm.dll+0x1a9484]  (no source info available)
V  [jvm.dll+0x3c1b32]  (no source info available)
V  [jvm.dll+0x7c82b8]  (no source info available)
V  [jvm.dll+0x2ca127]  (no source info available)
V  [jvm.dll+0x2c909b]  (no source info available)
V  [jvm.dll+0x2408d0]  (no source info available)
V  [jvm.dll+0x2d9124]  (no source info available)
V  [jvm.dll+0x2d734b]  (no source info available)
V  [jvm.dll+0x49e865]  (no source info available)
V  [jvm.dll+0x9b047d]  (no source info available)
V  [jvm.dll+0x7c0e65]  (no source info available)
C  [ucrtbase.dll+0x29333]  (no source info available)
C  [KERNEL32.DLL+0x1259d]  (no source info available)
C  [ntdll.dll+0x5af78]  (no source info available)

Lock stack of current Java thread (top to bottom):


---------------  P R O C E S S  ---------------

Threads class SMR info:
_java_thread_list=0x00000235246cf920, length=12, elements={
0x00000235081f1e10, 0x00000235243cefc0, 0x00000235243d06e0, 0x00000235243d13f0,
0x00000235243f7b30, 0x00000235243f86f0, 0x00000235243f92b0, 0x0000023524401e80,
0x0000023524402ea0, 0x000002352440de00, 0x00000235246b1660, 0x0000023524841780
}

Java Threads: ( => current thread )
  0x00000235081f1e10 JavaThread "main"                              [_thread_in_vm, id=39168, stack(0x0000004e75f00000,0x0000004e76000000) (1024K)]
  0x00000235243cefc0 JavaThread "Common-Cleaner"             daemon [_thread_blocked, id=38556, stack(0x0000004e76700000,0x0000004e76800000) (1024K)]
  0x00000235243d06e0 JavaThread "Reference Handler"          daemon [_thread_blocked, id=11248, stack(0x0000004e76800000,0x0000004e76900000) (1024K)]
  0x00000235243d13f0 JavaThread "Finalizer"                  daemon [_thread_blocked, id=5228, stack(0x0000004e76900000,0x0000004e76a00000) (1024K)]
  0x00000235243f7b30 JavaThread "Signal Dispatcher"          daemon [_thread_blocked, id=36280, stack(0x0000004e76a00000,0x0000004e76b00000) (1024K)]
  0x00000235243f86f0 JavaThread "Attach Listener"            daemon [_thread_blocked, id=38452, stack(0x0000004e76b00000,0x0000004e76c00000) (1024K)]
  0x00000235243f92b0 JavaThread "Service Thread"             daemon [_thread_blocked, id=43512, stack(0x0000004e76c00000,0x0000004e76d00000) (1024K)]
  0x0000023524401e80 JavaThread "Monitor Deflation Thread"   daemon [_thread_blocked, id=3196, stack(0x0000004e76d00000,0x0000004e76e00000) (1024K)]
=>0x0000023524402ea0 JavaThread "C2 CompilerThread0"         daemon [_thread_in_native, id=35080, stack(0x0000004e76e00000,0x0000004e76f00000) (1024K)]
  0x000002352440de00 JavaThread "C1 CompilerThread0"         daemon [_thread_blocked, id=40972, stack(0x0000004e76f00000,0x0000004e77000000) (1024K)]
  0x00000235246b1660 JavaThread "Notification Thread"        daemon [_thread_blocked, id=1240, stack(0x0000004e77000000,0x0000004e77100000) (1024K)]
  0x0000023524841780 JavaThread "C2 CompilerThread1"         daemon [_thread_blocked, id=20676, stack(0x0000004e77100000,0x0000004e77200000) (1024K)]
Total: 12

Other Threads:
  0x0000023524394580 VMThread "VM Thread"                           [id=36480, stack(0x0000004e76600000,0x0000004e76700000) (1024K)]
  0x000002352436d540 WatcherThread "VM Periodic Task Thread"        [id=3336, stack(0x0000004e76500000,0x0000004e76600000) (1024K)]
  0x000002350a46c730 WorkerThread "GC Thread#0"                     [id=42772, stack(0x0000004e76000000,0x0000004e76100000) (1024K)]
  0x000002350a4856e0 ConcurrentGCThread "G1 Main Marker"            [id=3592, stack(0x0000004e76100000,0x0000004e76200000) (1024K)]
  0x000002350a486a20 WorkerThread "G1 Conc#0"                       [id=25604, stack(0x0000004e76200000,0x0000004e76300000) (1024K)]
  0x000002350a4be480 ConcurrentGCThread "G1 Refine#0"               [id=19496, stack(0x0000004e76300000,0x0000004e76400000) (1024K)]
  0x00000235242441f0 ConcurrentGCThread "G1 Service"                [id=41784, stack(0x0000004e76400000,0x0000004e76500000) (1024K)]
Total: 7

Threads with active compile tasks:
C2 CompilerThread0  364  126       4       java.lang.StringLatin1::indexOfChar (33 bytes)
Total: 1

VM state: not at safepoint (normal execution)

VM Mutex/Monitor currently owned by a thread: None

Heap address: 0x0000000701c00000, size: 4068 MB, Compressed Oops mode: Zero based, Oop shift amount: 3

CDS archive(s) not mapped
Compressed class space mapped at: 0x000000002e000000-0x000000006e000000, reserved size: 1073741824
UseCompressedClassPointers 1, UseCompactObjectHeaders 0
Narrow klass pointer bits 32, Max shift 3
Narrow klass base: 0x0000000000000000, Narrow klass shift: 0
Encoding Range: [0x0000000000000000 - 0x0000000100000000), (4294967296 bytes)
Klass Range:    [0x000000002e000000 - 0x000000006e000000), (1073741824 bytes)
Klass ID Range:  [771751936 - 1845493753) (1073741817)
No protection zone.

GC Precious Log:
 CardTable entry size: 512
 Card Set container configuration: InlinePtr #cards 4 size 8 Array Of Cards #cards 16 size 48 Howl #buckets 8 coarsen threshold 3686 Howl Bitmap #cards 512 size 80 coarsen threshold 460 Card regions per heap region 1 cards per card region 4096
 CPUs: 4 total, 4 available
 Memory: 16265M
 Large Page Support: Disabled
 NUMA Support: Disabled
 Compressed Oops: Enabled (Zero based)
 Heap Region Size: 2M
 Heap Min Capacity: 8M
 Heap Initial Capacity: 256M
 Heap Max Capacity: 4068M
 Pre-touch: Disabled
 Parallel Workers: 4
 Concurrent Workers: 1
 Concurrent Refinement Workers: 4
 Periodic GC: Disabled

Heap:
 garbage-first heap   total reserved 4165632K, committed 262144K, used 2048K [0x0000000701c00000, 0x0000000800000000)
  region size 2048K, 2 young (4096K), 0 survivors (0K)

Heap Regions: E=young(eden), S=young(survivor), O=old, HS=humongous(starts), HC=humongous(continues), CS=collection set, F=free, TAMS=top-at-mark-start, PB=parsable bottom
|   0|0x0000000701c00000, 0x0000000701c00000, 0x0000000701e00000|  0%| F|  |TAMS 0x0000000701c00000| PB 0x0000000701c00000| Untracked |  0
|   1|0x0000000701e00000, 0x0000000701e00000, 0x0000000702000000|  0%| F|  |TAMS 0x0000000701e00000| PB 0x0000000701e00000| Untracked |  0
|   2|0x0000000702000000, 0x0000000702000000, 0x0000000702200000|  0%| F|  |TAMS 0x0000000702000000| PB 0x0000000702000000| Untracked |  0
|   3|0x0000000702200000, 0x0000000702200000, 0x0000000702400000|  0%| F|  |TAMS 0x0000000702200000| PB 0x0000000702200000| Untracked |  0
|   4|0x0000000702400000, 0x0000000702400000, 0x0000000702600000|  0%| F|  |TAMS 0x0000000702400000| PB 0x0000000702400000| Untracked |  0
|   5|0x0000000702600000, 0x0000000702600000, 0x0000000702800000|  0%| F|  |TAMS 0x0000000702600000| PB 0x0000000702600000| Untracked |  0
|   6|0x0000000702800000, 0x0000000702800000, 0x0000000702a00000|  0%| F|  |TAMS 0x0000000702800000| PB 0x0000000702800000| Untracked |  0
|   7|0x0000000702a00000, 0x0000000702a00000, 0x0000000702c00000|  0%| F|  |TAMS 0x0000000702a00000| PB 0x0000000702a00000| Untracked |  0
|   8|0x0000000702c00000, 0x0000000702c00000, 0x0000000702e00000|  0%| F|  |TAMS 0x0000000702c00000| PB 0x0000000702c00000| Untracked |  0
|   9|0x0000000702e00000, 0x0000000702e00000, 0x0000000703000000|  0%| F|  |TAMS 0x0000000702e00000| PB 0x0000000702e00000| Untracked |  0
|  10|0x0000000703000000, 0x0000000703000000, 0x0000000703200000|  0%| F|  |TAMS 0x0000000703000000| PB 0x0000000703000000| Untracked |  0
|  11|0x0000000703200000, 0x0000000703200000, 0x0000000703400000|  0%| F|  |TAMS 0x0000000703200000| PB 0x0000000703200000| Untracked |  0
|  12|0x0000000703400000, 0x0000000703400000, 0x0000000703600000|  0%| F|  |TAMS 0x0000000703400000| PB 0x0000000703400000| Untracked |  0
|  13|0x0000000703600000, 0x0000000703600000, 0x0000000703800000|  0%| F|  |TAMS 0x0000000703600000| PB 0x0000000703600000| Untracked |  0
|  14|0x0000000703800000, 0x0000000703800000, 0x0000000703a00000|  0%| F|  |TAMS 0x0000000703800000| PB 0x0000000703800000| Untracked |  0
|  15|0x0000000703a00000, 0x0000000703a00000, 0x0000000703c00000|  0%| F|  |TAMS 0x0000000703a00000| PB 0x0000000703a00000| Untracked |  0
|  16|0x0000000703c00000, 0x0000000703c00000, 0x0000000703e00000|  0%| F|  |TAMS 0x0000000703c00000| PB 0x0000000703c00000| Untracked |  0
|  17|0x0000000703e00000, 0x0000000703e00000, 0x0000000704000000|  0%| F|  |TAMS 0x0000000703e00000| PB 0x0000000703e00000| Untracked |  0
|  18|0x0000000704000000, 0x0000000704000000, 0x0000000704200000|  0%| F|  |TAMS 0x0000000704000000| PB 0x0000000704000000| Untracked |  0
|  19|0x0000000704200000, 0x0000000704200000, 0x0000000704400000|  0%| F|  |TAMS 0x0000000704200000| PB 0x0000000704200000| Untracked |  0
|  20|0x0000000704400000, 0x0000000704400000, 0x0000000704600000|  0%| F|  |TAMS 0x0000000704400000| PB 0x0000000704400000| Untracked |  0
|  21|0x0000000704600000, 0x0000000704600000, 0x0000000704800000|  0%| F|  |TAMS 0x0000000704600000| PB 0x0000000704600000| Untracked |  0
|  22|0x0000000704800000, 0x0000000704800000, 0x0000000704a00000|  0%| F|  |TAMS 0x0000000704800000| PB 0x0000000704800000| Untracked |  0
|  23|0x0000000704a00000, 0x0000000704a00000, 0x0000000704c00000|  0%| F|  |TAMS 0x0000000704a00000| PB 0x0000000704a00000| Untracked |  0
|  24|0x0000000704c00000, 0x0000000704c00000, 0x0000000704e00000|  0%| F|  |TAMS 0x0000000704c00000| PB 0x0000000704c00000| Untracked |  0
|  25|0x0000000704e00000, 0x0000000704e00000, 0x0000000705000000|  0%| F|  |TAMS 0x0000000704e00000| PB 0x0000000704e00000| Untracked |  0
|  26|0x0000000705000000, 0x0000000705000000, 0x0000000705200000|  0%| F|  |TAMS 0x0000000705000000| PB 0x0000000705000000| Untracked |  0
|  27|0x0000000705200000, 0x0000000705200000, 0x0000000705400000|  0%| F|  |TAMS 0x0000000705200000| PB 0x0000000705200000| Untracked |  0
|  28|0x0000000705400000, 0x0000000705400000, 0x0000000705600000|  0%| F|  |TAMS 0x0000000705400000| PB 0x0000000705400000| Untracked |  0
|  29|0x0000000705600000, 0x0000000705600000, 0x0000000705800000|  0%| F|  |TAMS 0x0000000705600000| PB 0x0000000705600000| Untracked |  0
|  30|0x0000000705800000, 0x0000000705800000, 0x0000000705a00000|  0%| F|  |TAMS 0x0000000705800000| PB 0x0000000705800000| Untracked |  0
|  31|0x0000000705a00000, 0x0000000705a00000, 0x0000000705c00000|  0%| F|  |TAMS 0x0000000705a00000| PB 0x0000000705a00000| Untracked |  0
|  32|0x0000000705c00000, 0x0000000705c00000, 0x0000000705e00000|  0%| F|  |TAMS 0x0000000705c00000| PB 0x0000000705c00000| Untracked |  0
|  33|0x0000000705e00000, 0x0000000705e00000, 0x0000000706000000|  0%| F|  |TAMS 0x0000000705e00000| PB 0x0000000705e00000| Untracked |  0
|  34|0x0000000706000000, 0x0000000706000000, 0x0000000706200000|  0%| F|  |TAMS 0x0000000706000000| PB 0x0000000706000000| Untracked |  0
|  35|0x0000000706200000, 0x0000000706200000, 0x0000000706400000|  0%| F|  |TAMS 0x0000000706200000| PB 0x0000000706200000| Untracked |  0
|  36|0x0000000706400000, 0x0000000706400000, 0x0000000706600000|  0%| F|  |TAMS 0x0000000706400000| PB 0x0000000706400000| Untracked |  0
|  37|0x0000000706600000, 0x0000000706600000, 0x0000000706800000|  0%| F|  |TAMS 0x0000000706600000| PB 0x0000000706600000| Untracked |  0
|  38|0x0000000706800000, 0x0000000706800000, 0x0000000706a00000|  0%| F|  |TAMS 0x0000000706800000| PB 0x0000000706800000| Untracked |  0
|  39|0x0000000706a00000, 0x0000000706a00000, 0x0000000706c00000|  0%| F|  |TAMS 0x0000000706a00000| PB 0x0000000706a00000| Untracked |  0
|  40|0x0000000706c00000, 0x0000000706c00000, 0x0000000706e00000|  0%| F|  |TAMS 0x0000000706c00000| PB 0x0000000706c00000| Untracked |  0
|  41|0x0000000706e00000, 0x0000000706e00000, 0x0000000707000000|  0%| F|  |TAMS 0x0000000706e00000| PB 0x0000000706e00000| Untracked |  0
|  42|0x0000000707000000, 0x0000000707000000, 0x0000000707200000|  0%| F|  |TAMS 0x0000000707000000| PB 0x0000000707000000| Untracked |  0
|  43|0x0000000707200000, 0x0000000707200000, 0x0000000707400000|  0%| F|  |TAMS 0x0000000707200000| PB 0x0000000707200000| Untracked |  0
|  44|0x0000000707400000, 0x0000000707400000, 0x0000000707600000|  0%| F|  |TAMS 0x0000000707400000| PB 0x0000000707400000| Untracked |  0
|  45|0x0000000707600000, 0x0000000707600000, 0x0000000707800000|  0%| F|  |TAMS 0x0000000707600000| PB 0x0000000707600000| Untracked |  0
|  46|0x0000000707800000, 0x0000000707800000, 0x0000000707a00000|  0%| F|  |TAMS 0x0000000707800000| PB 0x0000000707800000| Untracked |  0
|  47|0x0000000707a00000, 0x0000000707a00000, 0x0000000707c00000|  0%| F|  |TAMS 0x0000000707a00000| PB 0x0000000707a00000| Untracked |  0
|  48|0x0000000707c00000, 0x0000000707c00000, 0x0000000707e00000|  0%| F|  |TAMS 0x0000000707c00000| PB 0x0000000707c00000| Untracked |  0
|  49|0x0000000707e00000, 0x0000000707e00000, 0x0000000708000000|  0%| F|  |TAMS 0x0000000707e00000| PB 0x0000000707e00000| Untracked |  0
|  50|0x0000000708000000, 0x0000000708000000, 0x0000000708200000|  0%| F|  |TAMS 0x0000000708000000| PB 0x0000000708000000| Untracked |  0
|  51|0x0000000708200000, 0x0000000708200000, 0x0000000708400000|  0%| F|  |TAMS 0x0000000708200000| PB 0x0000000708200000| Untracked |  0
|  52|0x0000000708400000, 0x0000000708400000, 0x0000000708600000|  0%| F|  |TAMS 0x0000000708400000| PB 0x0000000708400000| Untracked |  0
|  53|0x0000000708600000, 0x0000000708600000, 0x0000000708800000|  0%| F|  |TAMS 0x0000000708600000| PB 0x0000000708600000| Untracked |  0
|  54|0x0000000708800000, 0x0000000708800000, 0x0000000708a00000|  0%| F|  |TAMS 0x0000000708800000| PB 0x0000000708800000| Untracked |  0
|  55|0x0000000708a00000, 0x0000000708a00000, 0x0000000708c00000|  0%| F|  |TAMS 0x0000000708a00000| PB 0x0000000708a00000| Untracked |  0
|  56|0x0000000708c00000, 0x0000000708c00000, 0x0000000708e00000|  0%| F|  |TAMS 0x0000000708c00000| PB 0x0000000708c00000| Untracked |  0
|  57|0x0000000708e00000, 0x0000000708e00000, 0x0000000709000000|  0%| F|  |TAMS 0x0000000708e00000| PB 0x0000000708e00000| Untracked |  0
|  58|0x0000000709000000, 0x0000000709000000, 0x0000000709200000|  0%| F|  |TAMS 0x0000000709000000| PB 0x0000000709000000| Untracked |  0
|  59|0x0000000709200000, 0x0000000709200000, 0x0000000709400000|  0%| F|  |TAMS 0x0000000709200000| PB 0x0000000709200000| Untracked |  0
|  60|0x0000000709400000, 0x0000000709400000, 0x0000000709600000|  0%| F|  |TAMS 0x0000000709400000| PB 0x0000000709400000| Untracked |  0
|  61|0x0000000709600000, 0x0000000709600000, 0x0000000709800000|  0%| F|  |TAMS 0x0000000709600000| PB 0x0000000709600000| Untracked |  0
|  62|0x0000000709800000, 0x0000000709800000, 0x0000000709a00000|  0%| F|  |TAMS 0x0000000709800000| PB 0x0000000709800000| Untracked |  0
|  63|0x0000000709a00000, 0x0000000709a00000, 0x0000000709c00000|  0%| F|  |TAMS 0x0000000709a00000| PB 0x0000000709a00000| Untracked |  0
|  64|0x0000000709c00000, 0x0000000709c00000, 0x0000000709e00000|  0%| F|  |TAMS 0x0000000709c00000| PB 0x0000000709c00000| Untracked |  0
|  65|0x0000000709e00000, 0x0000000709e00000, 0x000000070a000000|  0%| F|  |TAMS 0x0000000709e00000| PB 0x0000000709e00000| Untracked |  0
|  66|0x000000070a000000, 0x000000070a000000, 0x000000070a200000|  0%| F|  |TAMS 0x000000070a000000| PB 0x000000070a000000| Untracked |  0
|  67|0x000000070a200000, 0x000000070a200000, 0x000000070a400000|  0%| F|  |TAMS 0x000000070a200000| PB 0x000000070a200000| Untracked |  0
|  68|0x000000070a400000, 0x000000070a400000, 0x000000070a600000|  0%| F|  |TAMS 0x000000070a400000| PB 0x000000070a400000| Untracked |  0
|  69|0x000000070a600000, 0x000000070a600000, 0x000000070a800000|  0%| F|  |TAMS 0x000000070a600000| PB 0x000000070a600000| Untracked |  0
|  70|0x000000070a800000, 0x000000070a800000, 0x000000070aa00000|  0%| F|  |TAMS 0x000000070a800000| PB 0x000000070a800000| Untracked |  0
|  71|0x000000070aa00000, 0x000000070aa00000, 0x000000070ac00000|  0%| F|  |TAMS 0x000000070aa00000| PB 0x000000070aa00000| Untracked |  0
|  72|0x000000070ac00000, 0x000000070ac00000, 0x000000070ae00000|  0%| F|  |TAMS 0x000000070ac00000| PB 0x000000070ac00000| Untracked |  0
|  73|0x000000070ae00000, 0x000000070ae00000, 0x000000070b000000|  0%| F|  |TAMS 0x000000070ae00000| PB 0x000000070ae00000| Untracked |  0
|  74|0x000000070b000000, 0x000000070b000000, 0x000000070b200000|  0%| F|  |TAMS 0x000000070b000000| PB 0x000000070b000000| Untracked |  0
|  75|0x000000070b200000, 0x000000070b200000, 0x000000070b400000|  0%| F|  |TAMS 0x000000070b200000| PB 0x000000070b200000| Untracked |  0
|  76|0x000000070b400000, 0x000000070b400000, 0x000000070b600000|  0%| F|  |TAMS 0x000000070b400000| PB 0x000000070b400000| Untracked |  0
|  77|0x000000070b600000, 0x000000070b600000, 0x000000070b800000|  0%| F|  |TAMS 0x000000070b600000| PB 0x000000070b600000| Untracked |  0
|  78|0x000000070b800000, 0x000000070b800000, 0x000000070ba00000|  0%| F|  |TAMS 0x000000070b800000| PB 0x000000070b800000| Untracked |  0
|  79|0x000000070ba00000, 0x000000070ba00000, 0x000000070bc00000|  0%| F|  |TAMS 0x000000070ba00000| PB 0x000000070ba00000| Untracked |  0
|  80|0x000000070bc00000, 0x000000070bc00000, 0x000000070be00000|  0%| F|  |TAMS 0x000000070bc00000| PB 0x000000070bc00000| Untracked |  0
|  81|0x000000070be00000, 0x000000070be00000, 0x000000070c000000|  0%| F|  |TAMS 0x000000070be00000| PB 0x000000070be00000| Untracked |  0
|  82|0x000000070c000000, 0x000000070c000000, 0x000000070c200000|  0%| F|  |TAMS 0x000000070c000000| PB 0x000000070c000000| Untracked |  0
|  83|0x000000070c200000, 0x000000070c200000, 0x000000070c400000|  0%| F|  |TAMS 0x000000070c200000| PB 0x000000070c200000| Untracked |  0
|  84|0x000000070c400000, 0x000000070c400000, 0x000000070c600000|  0%| F|  |TAMS 0x000000070c400000| PB 0x000000070c400000| Untracked |  0
|  85|0x000000070c600000, 0x000000070c600000, 0x000000070c800000|  0%| F|  |TAMS 0x000000070c600000| PB 0x000000070c600000| Untracked |  0
|  86|0x000000070c800000, 0x000000070c800000, 0x000000070ca00000|  0%| F|  |TAMS 0x000000070c800000| PB 0x000000070c800000| Untracked |  0
|  87|0x000000070ca00000, 0x000000070ca00000, 0x000000070cc00000|  0%| F|  |TAMS 0x000000070ca00000| PB 0x000000070ca00000| Untracked |  0
|  88|0x000000070cc00000, 0x000000070cc00000, 0x000000070ce00000|  0%| F|  |TAMS 0x000000070cc00000| PB 0x000000070cc00000| Untracked |  0
|  89|0x000000070ce00000, 0x000000070ce00000, 0x000000070d000000|  0%| F|  |TAMS 0x000000070ce00000| PB 0x000000070ce00000| Untracked |  0
|  90|0x000000070d000000, 0x000000070d000000, 0x000000070d200000|  0%| F|  |TAMS 0x000000070d000000| PB 0x000000070d000000| Untracked |  0
|  91|0x000000070d200000, 0x000000070d200000, 0x000000070d400000|  0%| F|  |TAMS 0x000000070d200000| PB 0x000000070d200000| Untracked |  0
|  92|0x000000070d400000, 0x000000070d400000, 0x000000070d600000|  0%| F|  |TAMS 0x000000070d400000| PB 0x000000070d400000| Untracked |  0
|  93|0x000000070d600000, 0x000000070d600000, 0x000000070d800000|  0%| F|  |TAMS 0x000000070d600000| PB 0x000000070d600000| Untracked |  0
|  94|0x000000070d800000, 0x000000070d800000, 0x000000070da00000|  0%| F|  |TAMS 0x000000070d800000| PB 0x000000070d800000| Untracked |  0
|  95|0x000000070da00000, 0x000000070da00000, 0x000000070dc00000|  0%| F|  |TAMS 0x000000070da00000| PB 0x000000070da00000| Untracked |  0
|  96|0x000000070dc00000, 0x000000070dc00000, 0x000000070de00000|  0%| F|  |TAMS 0x000000070dc00000| PB 0x000000070dc00000| Untracked |  0
|  97|0x000000070de00000, 0x000000070de00000, 0x000000070e000000|  0%| F|  |TAMS 0x000000070de00000| PB 0x000000070de00000| Untracked |  0
|  98|0x000000070e000000, 0x000000070e000000, 0x000000070e200000|  0%| F|  |TAMS 0x000000070e000000| PB 0x000000070e000000| Untracked |  0
|  99|0x000000070e200000, 0x000000070e200000, 0x000000070e400000|  0%| F|  |TAMS 0x000000070e200000| PB 0x000000070e200000| Untracked |  0
| 100|0x000000070e400000, 0x000000070e400000, 0x000000070e600000|  0%| F|  |TAMS 0x000000070e400000| PB 0x000000070e400000| Untracked |  0
| 101|0x000000070e600000, 0x000000070e600000, 0x000000070e800000|  0%| F|  |TAMS 0x000000070e600000| PB 0x000000070e600000| Untracked |  0
| 102|0x000000070e800000, 0x000000070e800000, 0x000000070ea00000|  0%| F|  |TAMS 0x000000070e800000| PB 0x000000070e800000| Untracked |  0
| 103|0x000000070ea00000, 0x000000070ea00000, 0x000000070ec00000|  0%| F|  |TAMS 0x000000070ea00000| PB 0x000000070ea00000| Untracked |  0
| 104|0x000000070ec00000, 0x000000070ec00000, 0x000000070ee00000|  0%| F|  |TAMS 0x000000070ec00000| PB 0x000000070ec00000| Untracked |  0
| 105|0x000000070ee00000, 0x000000070ee00000, 0x000000070f000000|  0%| F|  |TAMS 0x000000070ee00000| PB 0x000000070ee00000| Untracked |  0
| 106|0x000000070f000000, 0x000000070f000000, 0x000000070f200000|  0%| F|  |TAMS 0x000000070f000000| PB 0x000000070f000000| Untracked |  0
| 107|0x000000070f200000, 0x000000070f200000, 0x000000070f400000|  0%| F|  |TAMS 0x000000070f200000| PB 0x000000070f200000| Untracked |  0
| 108|0x000000070f400000, 0x000000070f400000, 0x000000070f600000|  0%| F|  |TAMS 0x000000070f400000| PB 0x000000070f400000| Untracked |  0
| 109|0x000000070f600000, 0x000000070f600000, 0x000000070f800000|  0%| F|  |TAMS 0x000000070f600000| PB 0x000000070f600000| Untracked |  0
| 110|0x000000070f800000, 0x000000070f800000, 0x000000070fa00000|  0%| F|  |TAMS 0x000000070f800000| PB 0x000000070f800000| Untracked |  0
| 111|0x000000070fa00000, 0x000000070fa00000, 0x000000070fc00000|  0%| F|  |TAMS 0x000000070fa00000| PB 0x000000070fa00000| Untracked |  0
| 112|0x000000070fc00000, 0x000000070fc00000, 0x000000070fe00000|  0%| F|  |TAMS 0x000000070fc00000| PB 0x000000070fc00000| Untracked |  0
| 113|0x000000070fe00000, 0x000000070fe00000, 0x0000000710000000|  0%| F|  |TAMS 0x000000070fe00000| PB 0x000000070fe00000| Untracked |  0
| 114|0x0000000710000000, 0x0000000710000000, 0x0000000710200000|  0%| F|  |TAMS 0x0000000710000000| PB 0x0000000710000000| Untracked |  0
| 115|0x0000000710200000, 0x0000000710200000, 0x0000000710400000|  0%| F|  |TAMS 0x0000000710200000| PB 0x0000000710200000| Untracked |  0
| 116|0x0000000710400000, 0x0000000710400000, 0x0000000710600000|  0%| F|  |TAMS 0x0000000710400000| PB 0x0000000710400000| Untracked |  0
| 117|0x0000000710600000, 0x0000000710600000, 0x0000000710800000|  0%| F|  |TAMS 0x0000000710600000| PB 0x0000000710600000| Untracked |  0
| 118|0x0000000710800000, 0x0000000710800000, 0x0000000710a00000|  0%| F|  |TAMS 0x0000000710800000| PB 0x0000000710800000| Untracked |  0
| 119|0x0000000710a00000, 0x0000000710a00000, 0x0000000710c00000|  0%| F|  |TAMS 0x0000000710a00000| PB 0x0000000710a00000| Untracked |  0
| 120|0x0000000710c00000, 0x0000000710c00000, 0x0000000710e00000|  0%| F|  |TAMS 0x0000000710c00000| PB 0x0000000710c00000| Untracked |  0
| 121|0x0000000710e00000, 0x0000000710e00000, 0x0000000711000000|  0%| F|  |TAMS 0x0000000710e00000| PB 0x0000000710e00000| Untracked |  0
| 122|0x0000000711000000, 0x0000000711000000, 0x0000000711200000|  0%| F|  |TAMS 0x0000000711000000| PB 0x0000000711000000| Untracked |  0
| 123|0x0000000711200000, 0x0000000711200000, 0x0000000711400000|  0%| F|  |TAMS 0x0000000711200000| PB 0x0000000711200000| Untracked |  0
| 124|0x0000000711400000, 0x0000000711400000, 0x0000000711600000|  0%| F|  |TAMS 0x0000000711400000| PB 0x0000000711400000| Untracked |  0
| 125|0x0000000711600000, 0x0000000711600000, 0x0000000711800000|  0%| F|  |TAMS 0x0000000711600000| PB 0x0000000711600000| Untracked |  0
| 126|0x0000000711800000, 0x00000007119ae1a0, 0x0000000711a00000| 84%| E|  |TAMS 0x0000000711800000| PB 0x0000000711800000| Complete |  0
| 127|0x0000000711a00000, 0x0000000711c00000, 0x0000000711c00000|100%| E|CS|TAMS 0x0000000711a00000| PB 0x0000000711a00000| Complete |  0

Card table byte_map: [0x000002351d780000,0x000002351df80000] _byte_map_base: 0x0000023519f72000

Marking Bits: (CMBitMap*) 0x000002350a46cec0
 Bits: [0x000002351df80000, 0x0000023521f10000)

Polling page: 0x00000235083d0000

Metaspace:
Metaspace        used 9495K, committed 9664K, reserved 1114112K
 class space     used 823K, committed 896K, reserved 1048576K

Usage:
  Non-class:      8.47 MB used.
      Class:    823.42 KB used.
       Both:      9.27 MB used.

Virtual space:
  Non-class space:       64.00 MB reserved,       8.56 MB ( 13%) committed,  1 nodes.
      Class space:        1.00 GB reserved,     896.00 KB ( <1%) committed,  1 nodes.
             Both:        1.06 GB reserved,       9.44 MB ( <1%) committed. 

Chunk freelists:
   Non-Class:  7.00 MB
       Class:  15.12 MB
        Both:  22.12 MB

MaxMetaspaceSize: unlimited
CompressedClassSpaceSize: 1.00 GB
Initial GC threshold: 21.00 MB
Current GC threshold: 21.00 MB
CDS: off
 - commit_granule_bytes: 65536.
 - commit_granule_words: 8192.
 - virtual_space_node_default_size: 8388608.
 - enlarge_chunks_in_place: 1.
UseCompressedClassPointers 1, UseCompactObjectHeaders 0
Narrow klass pointer bits 32, Max shift 3
Narrow klass base: 0x0000000000000000, Narrow klass shift: 0
Encoding Range: [0x0000000000000000 - 0x0000000100000000), (4294967296 bytes)
Klass Range:    [0x000000002e000000 - 0x000000006e000000), (1073741824 bytes)
Klass ID Range:  [771751936 - 1845493753) (1073741817)
No protection zone.


Internal statistics:

num_allocs_failed_limit: 0.
num_arena_births: 6.
num_arena_deaths: 0.
num_vsnodes_births: 2.
num_vsnodes_deaths: 0.
num_space_committed: 151.
num_space_uncommitted: 0.
num_chunks_returned_to_freelist: 0.
num_chunks_taken_from_freelist: 20.
num_chunk_merges: 0.
num_chunk_splits: 12.
num_chunks_enlarged: 7.
num_inconsistent_stats: 0.

CodeHeap 'non-profiled nmethods': size=120064Kb used=66Kb max_used=66Kb free=119997Kb
 bounds [0x0000023515a40000, 0x0000023515cb0000, 0x000002351cf80000]
CodeHeap 'profiled nmethods': size=120064Kb used=223Kb max_used=223Kb free=119840Kb
 bounds [0x000002350df60000, 0x000002350e1d0000, 0x00000235154a0000]
CodeHeap 'non-nmethods': size=5760Kb used=1315Kb max_used=1319Kb free=4444Kb
 bounds [0x00000235154a0000, 0x0000023515710000, 0x0000023515a40000]
CodeCache: size=245888Kb, used=1604Kb, max_used=1608Kb, free=244281Kb
 total_blobs=671, nmethods=231, adapters=343, full_count=0
Compilation: enabled, stopped_count=0, restarted_count=0

Compilation events (20 events):
Event: 0.248 Thread 0x000002352440de00 nmethod 110 0x0000023515a46188 code [0x0000023515a46280, 0x0000023515a46348]
Event: 0.248 Thread 0x000002352440de00  111       3       java.util.ImmutableCollections$AbstractImmutableCollection::<init> (5 bytes)
Event: 0.249 Thread 0x000002352440de00 nmethod 111 0x000002350df79308 code [0x000002350df79400, 0x000002350df795c0]
Event: 0.250 Thread 0x000002352440de00  115       1       java.lang.Class::getClassLoader (5 bytes)
Event: 0.250 Thread 0x000002352440de00 nmethod 115 0x0000023515a47288 code [0x0000023515a47380, 0x0000023515a47448]
Event: 0.250 Thread 0x000002352440de00  118       1       java.lang.invoke.MethodType::returnType (5 bytes)
Event: 0.250 Thread 0x000002352440de00 nmethod 118 0x0000023515a47888 code [0x0000023515a47980, 0x0000023515a47a48]
Event: 0.250 Thread 0x000002352440de00  119       3       java.lang.CharacterDataLatin1::toLowerCase (44 bytes)
Event: 0.250 Thread 0x000002352440de00 nmethod 119 0x000002350df79608 code [0x000002350df79700, 0x000002350df79948]
Event: 0.251 Thread 0x000002352440de00  120       3       java.lang.String::<init> (15 bytes)
Event: 0.251 Thread 0x000002352440de00 nmethod 120 0x000002350df79988 code [0x000002350df79a80, 0x000002350df79c40]
Event: 0.254 Thread 0x000002352440de00  121       3       sun.nio.fs.WindowsPathParser::isInvalidPathChar (22 bytes)
Event: 0.255 Thread 0x000002352440de00 nmethod 121 0x000002350df79c88 code [0x000002350df79d80, 0x000002350df79f90]
Event: 0.270 Thread 0x000002352440de00  124 %     3       java.util.Properties$LineReader::readLine @ 224 (584 bytes)
Event: 0.272 Thread 0x0000023524402ea0  126       4       java.lang.StringLatin1::indexOfChar (33 bytes)
Event: 0.274 Thread 0x000002352440de00 nmethod 124% 0x000002350df7a008 code [0x000002350df7a100, 0x000002350df7c900]
Event: 0.274 Thread 0x000002352440de00  127       3       java.lang.StringBuilder::append (8 bytes)
Event: 0.274 Thread 0x000002352440de00 nmethod 127 0x000002350df7c908 code [0x000002350df7ca00, 0x000002350df7cb50]
Event: 0.274 Thread 0x000002352440de00  125       1       java.lang.AbstractStringBuilder::getValue (5 bytes)
Event: 0.274 Thread 0x000002352440de00 nmethod 125 0x0000023515a48188 code [0x0000023515a48280, 0x0000023515a48348]

GC Heap Usage History (0 events):
No events

Metaspace Usage History (0 events):
No events

Dll operation events (2 events):
Event: 0.012 Loaded shared library C:\Program Files\JetBrains\IntelliJ IDEA 2026.2.0.1\jbr\bin\java.dll
Event: 0.031 Loaded shared library C:\Program Files\JetBrains\IntelliJ IDEA 2026.2.0.1\jbr\bin\zip.dll

Deoptimization events (0 events):
No events

Classes loaded (20 events):
Event: 0.273 Loading class java/security/Guard
Event: 0.273 Loading class java/security/Guard done
Event: 0.273 Loading class java/security/Permission done
Event: 0.273 Loading class java/security/AllPermission done
Event: 0.273 Loading class sun/security/provider/SunEntries
Event: 0.274 Loading class sun/security/provider/SunEntries done
Event: 0.274 Loading class sun/security/provider/NativePRNG
Event: 0.274 Loading class sun/security/provider/NativePRNG done
Event: 0.274 Loading class sun/security/provider/NativePRNG$Blocking
Event: 0.274 Loading class sun/security/provider/NativePRNG$Blocking done
Event: 0.274 Loading class sun/security/provider/NativePRNG$NonBlocking
Event: 0.274 Loading class sun/security/provider/NativePRNG$NonBlocking done
Event: 0.274 Loading class java/security/Provider$Service
Event: 0.275 Loading class java/security/Provider$Service done
Event: 0.275 Loading class java/security/Provider$UString
Event: 0.275 Loading class java/security/Provider$UString done
Event: 0.275 Loading class sun/security/util/SecurityProviderConstants
Event: 0.275 Loading class sun/security/util/SecurityProviderConstants done
Event: 0.275 Loading class sun/security/util/KnownOIDs
Event: 0.276 Loading class sun/security/util/KnownOIDs done

Classes unloaded (0 events):
No events

Classes redefined (0 events):
No events

Internal exceptions (0 events):
No events

VM Operations (4 events):
Event: 0.207 Executing non-safepoint VM operation: HandshakeAllThreads (Deoptimize)
Event: 0.207 Executing non-safepoint VM operation: HandshakeAllThreads (Deoptimize) done
Event: 0.253 Executing non-safepoint VM operation: HandshakeAllThreads (Deoptimize)
Event: 0.253 Executing non-safepoint VM operation: HandshakeAllThreads (Deoptimize) done

Memory protections (0 events):
No events

Nmethod flushes (0 events):
No events

Events (14 events):
Event: 0.028 Thread 0x00000235081f1e10 Thread added: 0x00000235081f1e10
Event: 0.106 Thread 0x00000235081f1e10 Thread added: 0x00000235243cefc0
Event: 0.113 Thread 0x00000235081f1e10 Thread added: 0x00000235243d06e0
Event: 0.114 Thread 0x00000235081f1e10 Thread added: 0x00000235243d13f0
Event: 0.115 Thread 0x00000235081f1e10 Thread added: 0x00000235243f7b30
Event: 0.115 Thread 0x00000235081f1e10 Thread added: 0x00000235243f86f0
Event: 0.116 Thread 0x00000235081f1e10 Thread added: 0x00000235243f92b0
Event: 0.116 Thread 0x00000235081f1e10 Thread added: 0x0000023524401e80
Event: 0.116 Thread 0x00000235081f1e10 Thread added: 0x0000023524402ea0
Event: 0.116 Thread 0x00000235081f1e10 Thread added: 0x000002352440de00
Event: 0.167 Thread 0x00000235081f1e10 Thread added: 0x00000235246b1660
Event: 0.189 Loaded shared library C:\Program Files\JetBrains\IntelliJ IDEA 2026.2.0.1\jbr\bin\net.dll
Event: 0.192 Loaded shared library C:\Program Files\JetBrains\IntelliJ IDEA 2026.2.0.1\jbr\bin\nio.dll
Event: 0.203 Loaded shared library C:\Program Files\JetBrains\IntelliJ IDEA 2026.2.0.1\jbr\bin\zip.dll


Dynamic libraries:
0x00007ff7eafc0000 - 0x00007ff7eafca000 	C:\Program Files\JetBrains\IntelliJ IDEA 2026.2.0.1\jbr\bin\java.exe
0x00007ff9c8af0000 - 0x00007ff9c8d08000 	C:\Windows\SYSTEM32\ntdll.dll
0x00007ff9c7d00000 - 0x00007ff9c7dc4000 	C:\Windows\System32\KERNEL32.DLL
0x00007ff9c6050000 - 0x00007ff9c6423000 	C:\Windows\System32\KERNELBASE.dll
0x00007ff9c5f30000 - 0x00007ff9c6041000 	C:\Windows\System32\ucrtbase.dll
0x00007ff9c1180000 - 0x00007ff9c119e000 	C:\Program Files\JetBrains\IntelliJ IDEA 2026.2.0.1\jbr\bin\VCRUNTIME140.dll
0x00007ff9811c0000 - 0x00007ff9811d7000 	C:\Program Files\JetBrains\IntelliJ IDEA 2026.2.0.1\jbr\bin\jli.dll
0x00007ff9c8830000 - 0x00007ff9c89e2000 	C:\Windows\System32\USER32.dll
0x00007ff9c5e40000 - 0x00007ff9c5e66000 	C:\Windows\System32\win32u.dll
0x00007ff9c84c0000 - 0x00007ff9c84e9000 	C:\Windows\System32\GDI32.dll
0x00007ff9c5d20000 - 0x00007ff9c5e3b000 	C:\Windows\System32\gdi32full.dll
0x00007ff9b0290000 - 0x00007ff9b052c000 	C:\Windows\WinSxS\amd64_microsoft.windows.common-controls_6595b64144ccf1df_6.0.22621.6060_none_2712eda17382d24b\COMCTL32.dll
0x00007ff9c5c80000 - 0x00007ff9c5d1a000 	C:\Windows\System32\msvcp_win.dll
0x00007ff9c8410000 - 0x00007ff9c84b7000 	C:\Windows\System32\msvcrt.dll
0x00007ff9c89f0000 - 0x00007ff9c8a21000 	C:\Windows\System32\IMM32.DLL
0x00007ff9c1110000 - 0x00007ff9c111c000 	C:\Program Files\JetBrains\IntelliJ IDEA 2026.2.0.1\jbr\bin\vcruntime140_1.dll
0x00007ff9a8f60000 - 0x00007ff9a8fe9000 	C:\Program Files\JetBrains\IntelliJ IDEA 2026.2.0.1\jbr\bin\msvcp140.dll
0x00007ff979470000 - 0x00007ff97a3c5000 	C:\Program Files\JetBrains\IntelliJ IDEA 2026.2.0.1\jbr\bin\server\jvm.dll
0x00007ff9c6de0000 - 0x00007ff9c6e91000 	C:\Windows\System32\ADVAPI32.dll
0x00007ff9c8780000 - 0x00007ff9c8828000 	C:\Windows\System32\sechost.dll
0x00007ff9c65a0000 - 0x00007ff9c65c8000 	C:\Windows\System32\bcrypt.dll
0x00007ff9c6cc0000 - 0x00007ff9c6dd8000 	C:\Windows\System32\RPCRT4.dll
0x00007ff9c7c80000 - 0x00007ff9c7cf1000 	C:\Windows\System32\WS2_32.dll
0x00007ff9c5ad0000 - 0x00007ff9c5b1d000 	C:\Windows\SYSTEM32\POWRPROF.dll
0x00007ff9c1050000 - 0x00007ff9c1084000 	C:\Windows\SYSTEM32\WINMM.dll
0x00007ff9bfbc0000 - 0x00007ff9bfbca000 	C:\Windows\SYSTEM32\VERSION.dll
0x00007ff9c5ab0000 - 0x00007ff9c5ac3000 	C:\Windows\SYSTEM32\UMPDC.dll
0x00007ff9c4ba0000 - 0x00007ff9c4bb8000 	C:\Windows\SYSTEM32\kernel.appcore.dll
0x00007ff9c1100000 - 0x00007ff9c110a000 	C:\Program Files\JetBrains\IntelliJ IDEA 2026.2.0.1\jbr\bin\jimage.dll
0x00007ff9c33d0000 - 0x00007ff9c3603000 	C:\Windows\SYSTEM32\DBGHELP.DLL
0x00007ff9c8070000 - 0x00007ff9c8401000 	C:\Windows\System32\combase.dll
0x00007ff9c84f0000 - 0x00007ff9c85c8000 	C:\Windows\System32\OLEAUT32.dll
0x00007ff9b46e0000 - 0x00007ff9b4712000 	C:\Windows\SYSTEM32\dbgcore.DLL
0x00007ff9c65d0000 - 0x00007ff9c664b000 	C:\Windows\System32\bcryptPrimitives.dll
0x00007ff9bfc50000 - 0x00007ff9bfc6f000 	C:\Program Files\JetBrains\IntelliJ IDEA 2026.2.0.1\jbr\bin\java.dll
0x00007ff9c7dd0000 - 0x00007ff9c7f71000 	C:\Windows\System32\ole32.dll
0x00007ff9c7020000 - 0x00007ff9c78bc000 	C:\Windows\System32\SHELL32.dll
0x00007ff9c6650000 - 0x00007ff9c678f000 	C:\Windows\System32\wintypes.dll
0x00007ff9bf330000 - 0x00007ff9bf346000 	C:\Program Files\JetBrains\IntelliJ IDEA 2026.2.0.1\jbr\bin\zip.dll
0x00007ff9c3ab0000 - 0x00007ff9c43ca000 	C:\Windows\SYSTEM32\windows.storage.dll
0x00007ff9c85f0000 - 0x00007ff9c86f4000 	C:\Windows\System32\SHCORE.dll
0x00007ff9c7ab0000 - 0x00007ff9c7b19000 	C:\Windows\System32\shlwapi.dll
0x00007ff9c5b30000 - 0x00007ff9c5b55000 	C:\Windows\SYSTEM32\profapi.dll
0x00007ff9beb30000 - 0x00007ff9beb42000 	C:\Program Files\JetBrains\IntelliJ IDEA 2026.2.0.1\jbr\bin\net.dll
0x00007ff9c5060000 - 0x00007ff9c50c9000 	C:\Windows\system32\mswsock.dll
0x00007ff9beb10000 - 0x00007ff9beb26000 	C:\Program Files\JetBrains\IntelliJ IDEA 2026.2.0.1\jbr\bin\nio.dll

JVMTI agents: none

dbghelp: loaded successfully - version: 4.0.5 - missing functions: none
symbol engine: initialized successfully - sym options: 0x614 - pdb path: .;C:\Program Files\JetBrains\IntelliJ IDEA 2026.2.0.1\jbr\bin;C:\Windows\SYSTEM32;C:\Windows\WinSxS\amd64_microsoft.windows.common-controls_6595b64144ccf1df_6.0.22621.6060_none_2712eda17382d24b;C:\Program Files\JetBrains\IntelliJ IDEA 2026.2.0.1\jbr\bin\server

VM Arguments:
java_command: git4idea.http.GitAskPassApp Username for 'https://github.com': 
java_class_path (initial): C:/Program Files/JetBrains/IntelliJ IDEA 2026.2.0.1/plugins/vcs-git/lib/git4idea-rt.jar;C:/Program Files/JetBrains/IntelliJ IDEA 2026.2.0.1/lib/externalProcess-rt.jar
Launcher Type: SUN_STANDARD

[Global flags]
     intx CICompilerCount                          = 3                                         {product} {ergonomic}
     uint ConcGCThreads                            = 1                                         {product} {ergonomic}
     uint G1ConcRefinementThreads                  = 4                                         {product} {ergonomic}
   size_t G1HeapRegionSize                         = 2097152                                   {product} {ergonomic}
   size_t InitialHeapSize                          = 268435456                                 {product} {ergonomic}
   size_t MarkStackSize                            = 4194304                                   {product} {ergonomic}
   size_t MarkStackSizeMax                         = 536870912                                 {product} {ergonomic}
   size_t MaxHeapSize                              = 4265607168                                {product} {ergonomic}
   size_t MaxNewSize                               = 2558525440                                {product} {ergonomic}
   size_t MinHeapDeltaBytes                        = 2097152                                   {product} {ergonomic}
   size_t MinHeapSize                              = 8388608                                   {product} {ergonomic}
    uintx NonNMethodCodeHeapSize                   = 5898240                                {pd product} {ergonomic}
    uintx NonProfiledCodeHeapSize                  = 122945536                              {pd product} {ergonomic}
    uintx ProfiledCodeHeapSize                     = 122945536                              {pd product} {ergonomic}
    uintx ReservedCodeCacheSize                    = 251789312                              {pd product} {ergonomic}
     bool SegmentedCodeCache                       = true                                      {product} {ergonomic}
   size_t SoftMaxHeapSize                          = 4265607168                             {manageable} {ergonomic}
     bool UseCompressedOops                        = true                           {product lp64_product} {ergonomic}
     bool UseG1GC                                  = true                                      {product} {ergonomic}
     bool UseLargePagesIndividualAllocation        = false                                  {pd product} {ergonomic}

Logging:
Log output configuration:
 #0: stdout all=warning uptime,level,tags foldmultilines=false
 #1: stderr all=off uptime,level,tags foldmultilines=false

Release file:
JAVA_VERSION="25.0.3" 
MODULES="java.base java.compiler java.datatransfer java.xml java.prefs java.desktop java.instrument java.logging java.management java.security.sasl java.naming java.rmi java.management.rmi java.net.http java.scripting java.security.jgss java.transaction.xa java.sql java.sql.rowset java.xml.crypto java.se java.smartcardio jdk.accessibility jdk.internal.jvmstat jdk.attach jdk.charsets jdk.internal.opt jdk.zipfs jdk.compiler jdk.crypto.cryptoki jdk.crypto.ec jdk.crypto.mscapi jdk.dynalink jdk.hotspot.agent jdk.httpserver jdk.internal.ed jdk.internal.le jdk.internal.md jdk.internal.vm.ci jdk.javadoc jdk.jcmd jdk.jdwp.agent jdk.jdi jdk.jfr jdk.localedata jdk.management jdk.management.agent jdk.management.jfr jdk.naming.dns jdk.naming.rmi jdk.net jdk.sctp jdk.security.auth jdk.security.jgss jdk.unsupported jdk.unsupported.desktop jdk.xml.dom" 
IMPLEMENTOR="JetBrains s.r.o." 
IMPLEMENTOR_VERSION="JBR-25.0.3+9-508.16-nomod" 
JAVA_RUNTIME_VERSION="25.0.3+9-b508.16" 
LIBC="default" 
OS_ARCH="x86_64" 
OS_NAME="Windows" 
SOURCE=".:git:c624f1bd9587+" 

Environment Variables:
PATH=C:/Program Files/Git/mingw64/libexec/git-core;C:/Program Files/Git/mingw64/libexec/git-core;C:\Program Files\Git\mingw64\bin;C:\Program Files\Git\usr\bin;C:\Users\DELL\bin;C:\Windows\system32;C:\Windows;C:\Windows\System32\Wbem;C:\Windows\System32\WindowsPowerShell\v1.0\;C:\Windows\System32\OpenSSH\;C:\Program Files\Microsoft SQL Server\170\Tools\Binn\;C:\Program Files\Microsoft SQL Server\Client SDK\ODBC\170\Tools\Binn\;C:\Program Files\dotnet\;C:\Program Files\Docker\Docker\resources\bin;C:\Program Files\Git\cmd;C:\Program Files (x86)\Microsoft SQL Server\160\Tools\Binn\;C:\Program Files\Microsoft SQL Server\160\Tools\Binn\;C:\Program Files\Microsoft SQL Server\160\DTS\Binn\;C:\Program Files\nodejs\;C:\Users\DELL\AppData\Local\Microsoft\WindowsApps;C:\Users\DELL\.dotnet\tools;C:\Users\DELL\AppData\Local\Kingsoft\WPS Office\12.1.0.27458\clitool;C:\Users\DELL\AppData\Roaming\npm
USERNAME=DELL
DISPLAY=:0.0
LC_ALL=en_US.UTF-8
TERM=xterm-256color
TMPDIR=C:\Users\DELL\AppData\Local\Temp
OS=Windows_NT
PROCESSOR_IDENTIFIER=Intel64 Family 6 Model 142 Stepping 9, GenuineIntel
TMP=C:\Users\DELL\AppData\Local\Temp
TEMP=C:\Users\DELL\AppData\Local\Temp




Compilation memory statistics disabled.

Periodic native trim disabled

JNI global refs:
JNI global refs: 7, weak refs: 0

JNI global refs memory usage: 835, weak refs: 201

Process memory usage:
Resident Set Size: 44476K (0% of 16655380K total physical memory with 1041628K free physical memory)

OOME stack traces (most recent first):
Classloader memory used:
Loader bootstrap                                                                       : 9733 K
Loader jdk.internal.loader.ClassLoaders$AppClassLoader                                 : 25888 B

---------------  S Y S T E M  ---------------

OS:
 Windows 11 , 64 bit Build 22621 (10.0.22621.5415)
OS uptime: 23 days 20:58 hours
Hyper-V role detected

CPU: total 4 (initial active 4) (2 cores per cpu, 2 threads per core) family 6 model 142 stepping 9 microcode 0xf6, cx8, cmov, fxsr, ht, mmx, 3dnowpref, sse, sse2, sse3, ssse3, sse4.1, sse4.2, popcnt, lzcnt, tsc, tscinvbit, avx, avx2, aes, erms, clmul, bmi1, bmi2, rtm, adx, fma, vzeroupper, clflush, clflushopt, hv, rdtscp, f16c
Processor Information for the first 4 processors :
  Max Mhz: 2712, Current Mhz: 2611, Mhz Limit: 2603

Memory: 4k page, system-wide physical 16265M (1017M free)
TotalPageFile size 46668M (AvailPageFile size 1M)
current process WorkingSet (physical memory assigned to process): 43M, peak: 43M
current process commit charge ("private bytes"): 330M, peak: 342M

vm_info: OpenJDK 64-Bit Server VM (25.0.3+9-b508.16) for windows-amd64 JRE (25.0.3+9-b508.16), built on 2026-06-22 with MS VC++ 17.14 (VS2022)

END.
